// Jest Snapshot v1, https://goo.gl/fbAQLP

exports[`Input renders Input snapshot without someone parameters 1`] = `
Object {
  "asFragment": [Function],
  "baseElement": <body>
    <div>
      <div>
        <label
          class="block text-sm font-medium text-gray-700"
          for="price"
        >
          TEXT
        </label>
        <div
          class="relative mt-1 rounded-md shadow-sm"
        >
          <input
            class="block w-full rounded-md border-gray-300 pl-4 pr-[70px] focus:border-indigo-500 focus:ring-indigo-500 sm:text-sm"
            id="price"
            max="1000000"
            min="0"
            name="price"
            placeholder="0.00"
            type="number"
            value=""
          />
          <div
            class="absolute inset-y-0 right-0 flex items-center"
          >
            <select
              class="h-full rounded-md border-transparent bg-transparent py-0 pl-2 pr-7 text-gray-500 focus:border-indigo-500 focus:ring-indigo-500 sm:text-sm"
              id="currency"
              name="currency"
            >
              <option>
                UAH
              </option>
              <option>
                USD
              </option>
              <option>
                EUR
              </option>
            </select>
          </div>
        </div>
      </div>
    </div>
  </body>,
  "container": <div>
    <div>
      <label
        class="block text-sm font-medium text-gray-700"
        for="price"
      >
        TEXT
      </label>
      <div
        class="relative mt-1 rounded-md shadow-sm"
      >
        <input
          class="block w-full rounded-md border-gray-300 pl-4 pr-[70px] focus:border-indigo-500 focus:ring-indigo-500 sm:text-sm"
          id="price"
          max="1000000"
          min="0"
          name="price"
          placeholder="0.00"
          type="number"
          value=""
        />
        <div
          class="absolute inset-y-0 right-0 flex items-center"
        >
          <select
            class="h-full rounded-md border-transparent bg-transparent py-0 pl-2 pr-7 text-gray-500 focus:border-indigo-500 focus:ring-indigo-500 sm:text-sm"
            id="currency"
            name="currency"
          >
            <option>
              UAH
            </option>
            <option>
              USD
            </option>
            <option>
              EUR
            </option>
          </select>
        </div>
      </div>
    </div>
  </div>,
  "debug": [Function],
  "findAllByAltText": [Function],
  "findAllByDisplayValue": [Function],
  "findAllByLabelText": [Function],
  "findAllByPlaceholderText": [Function],
  "findAllByRole": [Function],
  "findAllByTestId": [Function],
  "findAllByText": [Function],
  "findAllByTitle": [Function],
  "findByAltText": [Function],
  "findByDisplayValue": [Function],
  "findByLabelText": [Function],
  "findByPlaceholderText": [Function],
  "findByRole": [Function],
  "findByTestId": [Function],
  "findByText": [Function],
  "findByTitle": [Function],
  "getAllByAltText": [Function],
  "getAllByDisplayValue": [Function],
  "getAllByLabelText": [Function],
  "getAllByPlaceholderText": [Function],
  "getAllByRole": [Function],
  "getAllByTestId": [Function],
  "getAllByText": [Function],
  "getAllByTitle": [Function],
  "getByAltText": [Function],
  "getByDisplayValue": [Function],
  "getByLabelText": [Function],
  "getByPlaceholderText": [Function],
  "getByRole": [Function],
  "getByTestId": [Function],
  "getByText": [Function],
  "getByTitle": [Function],
  "queryAllByAltText": [Function],
  "queryAllByDisplayValue": [Function],
  "queryAllByLabelText": [Function],
  "queryAllByPlaceholderText": [Function],
  "queryAllByRole": [Function],
  "queryAllByTestId": [Function],
  "queryAllByText": [Function],
  "queryAllByTitle": [Function],
  "queryByAltText": [Function],
  "queryByDisplayValue": [Function],
  "queryByLabelText": [Function],
  "queryByPlaceholderText": [Function],
  "queryByRole": [Function],
  "queryByTestId": [Function],
  "queryByText": [Function],
  "queryByTitle": [Function],
  "rerender": [Function],
  "unmount": [Function],
}
`;
